// Jest Snapshot v1, https://goo.gl/fbAQLP

exports[`<Footer /> renders the. <Footer /> with populated data 1`] = `
<div
  class="footer__Container-sc-17rnrhl-0 dNsbJ"
>
  <p
    class="footer__Title-sc-17rnrhl-4 gyDhOk"
  >
    Questions? Contact us.
  </p>
  <div
    class="footer__Break-sc-17rnrhl-6 kCaxTH"
  />
  <div
    class="footer__Row-sc-17rnrhl-2 bJJVOy"
  >
    <div
      class="footer__Column-sc-17rnrhl-1 pCBIB"
    >
      <a
        class="footer__Link-sc-17rnrhl-3 jFWpsV"
        href="#"
      >
        FAQ
      </a>
      <a
        class="footer__Link-sc-17rnrhl-3 jFWpsV"
        href="#"
      >
        Investor Relations
      </a>
      <a
        class="footer__Link-sc-17rnrhl-3 jFWpsV"
        href="#"
      >
        Ways to Watch
      </a>
      <a
        class="footer__Link-sc-17rnrhl-3 jFWpsV"
        href="#"
      >
        Corporate Information
      </a>
      <a
        class="footer__Link-sc-17rnrhl-3 jFWpsV"
        href="#"
      >
        Netflix Originals
      </a>
    </div>
    <div
      class="footer__Column-sc-17rnrhl-1 pCBIB"
    >
      <a
        class="footer__Link-sc-17rnrhl-3 jFWpsV"
        href="#"
      >
        Help Centre
      </a>
      <a
        class="footer__Link-sc-17rnrhl-3 jFWpsV"
        href="#"
      >
        Jobs
      </a>
      <a
        class="footer__Link-sc-17rnrhl-3 jFWpsV"
        href="#"
      >
        Terms of Use
      </a>
      <a
        class="footer__Link-sc-17rnrhl-3 jFWpsV"
        href="#"
      >
        Contact Us
      </a>
    </div>
    <div
      class="footer__Column-sc-17rnrhl-1 pCBIB"
    >
      <a
        class="footer__Link-sc-17rnrhl-3 jFWpsV"
        href="#"
      >
        Account
      </a>
      <a
        class="footer__Link-sc-17rnrhl-3 jFWpsV"
        href="#"
      >
        Redeem gift cards
      </a>
      <a
        class="footer__Link-sc-17rnrhl-3 jFWpsV"
        href="#"
      >
        Privacy
      </a>
      <a
        class="footer__Link-sc-17rnrhl-3 jFWpsV"
        href="#"
      >
        Speed Test
      </a>
    </div>
    <div
      class="footer__Column-sc-17rnrhl-1 pCBIB"
    >
      <a
        class="footer__Link-sc-17rnrhl-3 jFWpsV"
        href="#"
      >
        Media Centre
      </a>
      <a
        class="footer__Link-sc-17rnrhl-3 jFWpsV"
        href="#"
      >
        Buy gift cards
      </a>
      <a
        class="footer__Link-sc-17rnrhl-3 jFWpsV"
        href="#"
      >
        Cookie Preferences
      </a>
      <a
        class="footer__Link-sc-17rnrhl-3 jFWpsV"
        href="#"
      >
        Legal Notices
      </a>
    </div>
  </div>
  <div
    class="footer__Break-sc-17rnrhl-6 kCaxTH"
  />
  <p
    class="footer__Text-sc-17rnrhl-5 gIDUth"
  >
    Netflix United Kingdom
  </p>
</div>
`;
