// Jest Snapshot v1, https://goo.gl/fbAQLP

exports[`<Form /> renders the <Form /> with an error 1`] = `
<div
  class="form__Container-sc-1w43gu5-0 fzKacD"
>
  <div
    class="form__Error-sc-1w43gu5-1 foVEap"
  >
    Your email address is already being used
  </div>
  <button
    class="form__Submit-sc-1w43gu5-8 jxyeER"
    type="submit"
  >
    Sign In
  </button>
</div>
`;
